
> application@0.0.0 build
> vite build

npm : [33mYou are using 
Node.js 20.17.0. Vite 
requires Node.js version 
20.19+ or 22.12+. Please 
upgrade your Node.js 
version.[39m
At line:1 char:1
+ npm run build > 
build_output.txt 2>&1
+ ~~~~~~~~~~~~~~~~~~~~~~~~~~~
~~~~~~~~~~
    + CategoryInfo           
   : NotSpecified: ([33mYo  
  u are us...s version.[3   
 9m:String) [], RemoteExc    
eption
    + FullyQualifiedErrorId  
   : NativeCommandError
 
[36mvite v7.3.1 [32mbuilding client environment for production...[36m[39m
transforming...
[32mΓ£ô[39m 1740 modules transformed.
[31mΓ£ù[39m Build failed 
in 3.17s
[31merror during build:
[31msrc/main.js (9:56): 
"saveSqlDatabase" is not 
exported by 
"src/database.js", imported 
by "src/main.js".[31m
file: [36mC:/Users/crisj/One
Drive/Documents/Application/s
rc/main.js:9:56[31m
[33m
 7:   initDatabase, getLogs, 
addLog, updateLog, 
getActiveSession,
 8:   getSettings, 
updateSetting, 
getTotalRenderedHours, 
clearAllData,
 9:   exportDatabase, 
pauseLog, resumeLog, 
insertManualLog, 
saveSqlDatabase,
                             
                             
  ^
10:   getArchivedLogs, 
archiveLog, recoverLog, 
permanentlyDeleteLog, 
cleanupOldArchivedLogs
11: } from './database';
[31m
    at getRollupError (file:/
//C:/Users/crisj/OneDrive/Doc
uments/Application/node_modul
es/rollup/dist/es/shared/pars
eAst.js:402:41)
    at error (file:///C:/User
s/crisj/OneDrive/Documents/Ap
plication/node_modules/rollup
/dist/es/shared/parseAst.js:3
98:42)
    at Module.error (file:///
C:/Users/crisj/OneDrive/Docum
ents/Application/node_modules
/rollup/dist/es/shared/node-e
ntry.js:17040:16)
    at Module.traceVariable (
file:///C:/Users/crisj/OneDri
ve/Documents/Application/node
_modules/rollup/dist/es/share
d/node-entry.js:17452:29)
    at 
ModuleScope.findVariable (fil
e:///C:/Users/crisj/OneDrive/
Documents/Application/node_mo
dules/rollup/dist/es/shared/n
ode-entry.js:15070:39)
    at 
FunctionScope.findVariable (f
ile:///C:/Users/crisj/OneDriv
e/Documents/Application/node_
modules/rollup/dist/es/shared
/node-entry.js:5673:38)
    at FunctionBodyScope.find
Variable (file:///C:/Users/cr
isj/OneDrive/Documents/Applic
ation/node_modules/rollup/dis
t/es/shared/node-entry.js:567
3:38)
    at 
BlockScope.findVariable (file
:///C:/Users/crisj/OneDrive/D
ocuments/Application/node_mod
ules/rollup/dist/es/shared/no
de-entry.js:5673:38)
    at ReturnValueScope.findV
ariable (file:///C:/Users/cri
sj/OneDrive/Documents/Applica
tion/node_modules/rollup/dist
/es/shared/node-entry.js:5673
:38)
    at FunctionBodyScope.find
Variable (file:///C:/Users/cr
isj/OneDrive/Documents/Applic
ation/node_modules/rollup/dis
t/es/shared/node-entry.js:567
3:38)[39m
